
<!DOCTYPE HTML>

<html lang="en" class="_theme-default">

<head>
  <meta charset="utf-8">
  <title>Std&#58;&#58;bad_expected_access - C++ - W3cubDocs</title>
  
  <meta name="description" content=" Constructs a new bad_expected_access&#60;E&#62; object. Initializes the stored value with std&#58;&#58;move(e). ">
  <meta name="keywords" content="std, bad, expected, access, c++, cpp">
  <meta name="HandheldFriendly" content="True">
  <meta name="viewport" content="width=device-width, initial-scale=1">
  <meta name="mobile-web-app-capable" content="yes">
  
  <link rel="canonical" href="https://docs.w3cub.com/cpp/utility/expected/bad_expected_access.html">
  <link href="/favicon.png" rel="icon">
  <link rel="stylesheet" type="text/css" href="/assets/application-9c7b0d969c0ce639a6c01c2badcdd81667c7c66206aa3d0fccc5cb0585fb1b912dab72ea882101d18010680927514b4b77b107282db8f756fbf63301fe9c88b0.css">
  <script type="text/javascript" src="/assets/application-79c555f6b25481fffac2cac30a7f3e54e608ca09e9e8e42bb1790095ba6d0fcace47d6bc624ddce952c70370892f2d46864f89e6943d4f7f7ff16c8a3231a91a.js"></script>
  <script src="/json/cpp.js"></script>
  
<!-- Google tag (gtag.js) -->
<script async src="https://www.googletagmanager.com/gtag/js?id=G-R3WC07G3GB"></script>
<script>
  window.dataLayer = window.dataLayer || [];
  function gtag(){dataLayer.push(arguments);}
  gtag('js', new Date());
  gtag('config', 'G-R3WC07G3GB');
</script>
<script async src="https://pagead2.googlesyndication.com/pagead/js/adsbygoogle.js?client=ca-pub-2572770204602497"
     crossorigin="anonymous"></script>
<script async custom-element="amp-auto-ads"
  src="https://cdn.ampproject.org/v0/amp-auto-ads-0.1.js">
</script>


</head>

<body class="docs">
	<amp-auto-ads type="adsense"
              data-ad-client="ca-pub-2572770204602497">
	</amp-auto-ads>
	<div class="_app">
	<header class="_header">

  <a class="_home-link" href="/" ></a>
  <a class="_menu-link"></a>
  <h1 class="_logo">
    <a href="/" class="_nav-link" title="API Documentation Browser">W3cubDocs</a>
  </h1>
  
  <span class="_logo-sub-nav">/</span><span class="_logo-sub-nav"><a href="/cpp/" class="_nav-link" title="" style="margin-left:0;">C++</a></span>
  
  <nav class="_nav">
    <a href="https://tools.w3cub.com/?_sp=docs" target="_blank" class="_nav-link ">W3cubTools</a>
    <a href="/cheatsheets/" class="_nav-link ">Cheatsheets</a>
    <a href="/about/" class="_nav-link ">About</a>
  </nav>
</header>
	<section class="_sidebar">
		
		<form class="_search">
		  <input type="search" class="_search-input" placeholder="Search&hellip;" autocomplete="off" autocapitalize="off" autocorrect="off" spellcheck="false" maxlength="20">
		  <a class="_search-clear"></a>
		  <div class="_search-tag"></div>
		</form>
		
		<div class="_list-wrap">
			<div class="_list">
			
			</div>
		</div>
	</section>
	<section class="_container ">
		<div class="_content">
			<ins class="adsbygoogle"
     style="display:block"
     data-ad-client="ca-pub-2572770204602497"
     data-ad-slot="6861657091"
     data-ad-format="auto"
     data-full-width-responsive="true"></ins>
<script>
     (adsbygoogle = window.adsbygoogle || []).push({});
</script>
			<div class="_page _cppref">
				
				
<h1 id="firstHeading" class="firstHeading">std::bad_expected_access</h1>            <table class="t-dcl-begin"> <tr class="t-dsc-header"> <th> Defined in header <code><a href="../../header/expected" title="cpp/header/expected">&lt;expected&gt;</a></code> </th> <th> </th> <th> </th> </tr> <tr class="t-dcl t-since-cxx23"> <td> <pre data-language="cpp">template&lt; class E &gt;
class bad_expected_access : public std::bad_expected_access&lt;void&gt;</pre>
</td> <td> (1) </td> <td> <span class="t-mark-rev t-since-cxx23">(since C++23)</span> </td> </tr> <tr class="t-dcl t-since-cxx23"> <td> <pre data-language="cpp">template&lt;&gt;
class bad_expected_access&lt;void&gt; : public std::exception</pre>
</td> <td> (2) </td> <td> <span class="t-mark-rev t-since-cxx23">(since C++23)</span> </td> </tr>  </table> <div class="t-li1">
<span class="t-li">1)</span> Defines a type of object to be thrown by <a href="value" title="cpp/utility/expected/value"><code>std::expected::value</code></a> when accessing an expected object that contains an unexpected value. <code>bad_expected_access&lt;E&gt;</code> stores a copy of the unexpected value.</div> <div class="t-li1">
<span class="t-li">2)</span> <code>bad_expected_access&lt;void&gt;</code> is the base class of all other <code>bad_expected_access</code> specializations.</div>   <h3 id="Members_of_the_primary_template"> Members of the primary template</h3> <table class="t-dsc-begin"> <tr class="t-dsc"> <td> <div><strong class="selflink"> <span class="t-lines"><span>(constructor)</span></span></strong></div> </td> <td> constructs a <code>bad_expected_access</code> object <br> <span class="t-mark">(public member function)</span> </td>
</tr> <tr class="t-dsc"> <td> <div><span class="t-lines"><span>error</span></span></div> </td> <td> returns the stored value <br> <span class="t-mark">(public member function)</span> </td>
</tr> <tr class="t-dsc"> <td> <div><span class="t-lines"><span>what</span></span></div> </td> <td> returns the explanatory string <br> <span class="t-mark">(public member function)</span> </td>
</tr> </table> <div class="t-member"> <h2 id="std::bad_expected_access::bad_expected_access"> std::bad_expected_access::bad_expected_access</h2> <table class="t-dcl-begin"> <tr class="t-dcl"> <td class="t-dcl-nopad"> <pre data-language="cpp">explicit bad_expected_access( E e );</pre>
</td> <td class="t-dcl-nopad"> </td> <td class="t-dcl-nopad"> </td> </tr>  </table> <p>Constructs a new <code>bad_expected_access&lt;E&gt;</code> object. Initializes the stored value with <code>std::move(e)</code>.</p>
</div> <div class="t-member"> <h2 id="std::bad_expected_access::error"> std::bad_expected_access::error</h2> <table class="t-dcl-begin"> <tr class="t-dcl"> <td class="t-dcl-nopad"> <pre data-language="cpp">const E&amp; error() const &amp; noexcept;
E&amp; error() &amp; noexcept;
const E&amp;&amp; error() const &amp;&amp; noexcept;
E&amp;&amp; error() &amp;&amp; noexcept;</pre>
</td> <td class="t-dcl-nopad"> </td> <td class="t-dcl-nopad"> </td> </tr>  </table> <p>Returns a reference to the stored value.</p>
</div> <div class="t-member"> <h2 id="std::bad_expected_access::what">  std::bad_expected_access::what </h2> <table class="t-dcl-begin"> <tr class="t-dcl"> <td class="t-dcl-nopad"> <pre data-language="cpp">const char* what() const noexcept override;</pre>
</td> <td class="t-dcl-nopad"> </td> <td class="t-dcl-nopad"> </td> </tr>  </table> <p>Returns the explanatory string.</p>
<h3 id="Parameters"> Parameters</h3> <p>(none).</p>
<h3 id="Return_value"> Return value</h3> <p>Pointer to a null-terminated string with explanatory information. The string is suitable for conversion and display as a <code><a href="../../string/basic_string" title="cpp/string/basic string">std::wstring</a></code>. The pointer is guaranteed to be valid at least until the exception object from which it is obtained is destroyed, or until a non-const member function (e.g. copy assignment operator) on the exception object is called.</p>
<h3 id="Notes"> Notes</h3> <p>Implementations are allowed but not required to override <code>what()</code>.</p>
</div> <h3 id="Members_of_the_bad_expected_access.3Cvoid.3E_specialization"> Members of the <code>bad_expected_access&lt;void&gt;</code> specialization</h3> <table class="t-dsc-begin"> <tr class="t-dsc"> <td> <div><span class="t-lines"><span>(constructor)</span></span></div> </td> <td> constructs a <code>bad_expected_access&lt;void&gt;</code> object <br> <span class="t-mark">(protected member function)</span> </td>
</tr> <tr class="t-dsc"> <td> <div><span class="t-lines"><span>(destructor)</span></span></div> </td> <td> destroys the <code>bad_expected_access&lt;void&gt;</code> object <br> <span class="t-mark">(protected member function)</span> </td>
</tr> <tr class="t-dsc"> <td> <div><span class="t-lines"><span>operator=</span></span></div> </td> <td> replaces the <code>bad_expected_access&lt;void&gt;</code> object <br> <span class="t-mark">(protected member function)</span> </td>
</tr> <tr class="t-dsc"> <td> <div><span class="t-lines"><span>what</span></span></div> </td> <td> returns the explanatory string <br> <span class="t-mark">(public member function)</span> </td>
</tr> </table> <p>Special member functions of <code>bad_expected_access&lt;void&gt;</code> are protected. They can only be called by derived classes.</p>
<h3 id="Example"> Example</h3>            <div class="_attribution">
  <p class="_attribution-p">
    Â© cppreference.com<br>Licensed under the Creative Commons Attribution-ShareAlike Unported License v3.0.<br>
    <a href="https://en.cppreference.com/w/cpp/utility/expected/bad_expected_access" class="_attribution-link">https://en.cppreference.com/w/cpp/utility/expected/bad_expected_access</a>
  </p>
</div>

				
			</div>
			<ins class="adsbygoogle"
     style="display:block"
     data-ad-client="ca-pub-2572770204602497"
     data-ad-slot="1992473792"
     data-ad-format="auto"
     data-full-width-responsive="true"></ins>
<script>
     (adsbygoogle = window.adsbygoogle || []).push({});
</script>
		</div>
	</section>

	</div>
	<svg style="display:none">
		<symbol id="icon-dir"><svg viewBox="0 0 20 20"><path d="M15 10c0 .3-.305.515-.305.515l-8.56 5.303c-.625.41-1.135.106-1.135-.67V4.853c0-.777.51-1.078 1.135-.67l8.56 5.305S15 9.702 15 10z"/></svg></symbol>
	  </svg>
</body>
</html>
