
<!DOCTYPE HTML>

<html lang="en" class="_theme-default">

<head>
  <meta charset="utf-8">
  <title>Std&#58;&#58;expected&#58;&#58;emplace - C++ - W3cubDocs</title>
  
  <meta name="description" content=" Constructs an expected value in-place. After the call, has_value() returns true. ">
  <meta name="keywords" content="std, expected, t, e, emplace, c++, cpp">
  <meta name="HandheldFriendly" content="True">
  <meta name="viewport" content="width=device-width, initial-scale=1">
  <meta name="mobile-web-app-capable" content="yes">
  
  <link rel="canonical" href="https://docs.w3cub.com/cpp/utility/expected/emplace.html">
  <link href="/favicon.png" rel="icon">
  <link rel="stylesheet" type="text/css" href="/assets/application-9c7b0d969c0ce639a6c01c2badcdd81667c7c66206aa3d0fccc5cb0585fb1b912dab72ea882101d18010680927514b4b77b107282db8f756fbf63301fe9c88b0.css">
  <script type="text/javascript" src="/assets/application-79c555f6b25481fffac2cac30a7f3e54e608ca09e9e8e42bb1790095ba6d0fcace47d6bc624ddce952c70370892f2d46864f89e6943d4f7f7ff16c8a3231a91a.js"></script>
  <script src="/json/cpp.js"></script>
  
<!-- Google tag (gtag.js) -->
<script async src="https://www.googletagmanager.com/gtag/js?id=G-R3WC07G3GB"></script>
<script>
  window.dataLayer = window.dataLayer || [];
  function gtag(){dataLayer.push(arguments);}
  gtag('js', new Date());
  gtag('config', 'G-R3WC07G3GB');
</script>
<script async src="https://pagead2.googlesyndication.com/pagead/js/adsbygoogle.js?client=ca-pub-2572770204602497"
     crossorigin="anonymous"></script>
<script async custom-element="amp-auto-ads"
  src="https://cdn.ampproject.org/v0/amp-auto-ads-0.1.js">
</script>


</head>

<body class="docs">
	<amp-auto-ads type="adsense"
              data-ad-client="ca-pub-2572770204602497">
	</amp-auto-ads>
	<div class="_app">
	<header class="_header">

  <a class="_home-link" href="/" ></a>
  <a class="_menu-link"></a>
  <h1 class="_logo">
    <a href="/" class="_nav-link" title="API Documentation Browser">W3cubDocs</a>
  </h1>
  
  <span class="_logo-sub-nav">/</span><span class="_logo-sub-nav"><a href="/cpp/" class="_nav-link" title="" style="margin-left:0;">C++</a></span>
  
  <nav class="_nav">
    <a href="https://tools.w3cub.com/?_sp=docs" target="_blank" class="_nav-link ">W3cubTools</a>
    <a href="/cheatsheets/" class="_nav-link ">Cheatsheets</a>
    <a href="/about/" class="_nav-link ">About</a>
  </nav>
</header>
	<section class="_sidebar">
		
		<form class="_search">
		  <input type="search" class="_search-input" placeholder="Search&hellip;" autocomplete="off" autocapitalize="off" autocorrect="off" spellcheck="false" maxlength="20">
		  <a class="_search-clear"></a>
		  <div class="_search-tag"></div>
		</form>
		
		<div class="_list-wrap">
			<div class="_list">
			
			</div>
		</div>
	</section>
	<section class="_container ">
		<div class="_content">
			<ins class="adsbygoogle"
     style="display:block"
     data-ad-client="ca-pub-2572770204602497"
     data-ad-slot="6861657091"
     data-ad-format="auto"
     data-full-width-responsive="true"></ins>
<script>
     (adsbygoogle = window.adsbygoogle || []).push({});
</script>
			<div class="_page _cppref">
				
				
<h1 id="firstHeading" class="firstHeading">std::expected&lt;T,E&gt;::emplace</h1>            <table class="t-dcl-begin"> <tr class="t-dcl-h"> <td> T is not <i>cv</i> void</td> <td></td> <td></td> </tr> <tr class="t-dcl t-since-cxx23"> <td> <pre data-language="cpp">template&lt; class... Args &gt;
constexpr T&amp; emplace( Args&amp;&amp;... args ) noexcept;</pre>
</td> <td> (1) </td> <td> <span class="t-mark-rev t-since-cxx23">(since C++23)</span> </td> </tr> <tr class="t-dcl t-since-cxx23"> <td> <pre data-language="cpp">template&lt; class U, class... Args &gt;
constexpr T&amp; emplace( std::initializer_list&lt;U&gt;&amp; il, Args&amp;&amp;... args ) noexcept;</pre>
</td> <td> (2) </td> <td> <span class="t-mark-rev t-since-cxx23">(since C++23)</span> </td> </tr> <tr class="t-dcl-h"> <td> T is <i>cv</i> void</td> <td></td> <td></td> </tr> <tr class="t-dcl t-since-cxx23"> <td> <pre data-language="cpp">constexpr void emplace() noexcept;</pre>
</td> <td> (3) </td> <td> <span class="t-mark-rev t-since-cxx23">(since C++23)</span> </td> </tr>  </table> <p>Constructs an expected value in-place. After the call, <a href="operator_bool" title="cpp/utility/expected/operator bool"><code>has_value()</code></a> returns true.</p>
<div class="t-li1">
<span class="t-li">1)</span> Destroys the contained value, then initializes the expected value contained in <code>*this</code> as if by <a href="../../language/direct_initialization" title="cpp/language/direct initialization">direct-initializing</a> an object of type <code>T</code> from the arguments <code><a href="http://en.cppreference.com/w/cpp/utility/forward"><span class="kw1121">std::<span class="me2">forward</span></span></a><span class="sy1">&lt;</span>Args<span class="sy1">&gt;</span><span class="br0">(</span>args<span class="br0">)</span>...</code>. This overload participates in overload resolution only if <code><a href="http://en.cppreference.com/w/cpp/types/is_constructible"><span class="kw532">std::<span class="me2">is_nothrow_constructible_v</span></span></a><span class="sy1">&lt;</span>T, Args...<span class="sy1">&gt;</span></code> is true.</div> <div class="t-li1">
<span class="t-li">2)</span> Destroys the contained value, then initializes the expected value contained in <code>*this</code> as if by <a href="../../language/direct_initialization" title="cpp/language/direct initialization">direct-initializing</a> an object of type <code>T</code> from the arguments <code>il, <a href="http://en.cppreference.com/w/cpp/utility/forward"><span class="kw1121">std::<span class="me2">forward</span></span></a><span class="sy1">&lt;</span>Args<span class="sy1">&gt;</span><span class="br0">(</span>args<span class="br0">)</span>...</code>. This overload participates in overload resolution only if <code><a href="http://en.cppreference.com/w/cpp/types/is_constructible"><span class="kw532">std::<span class="me2">is_nothrow_constructible_v</span></span></a><span class="sy1">&lt;</span>T, <a href="http://en.cppreference.com/w/cpp/utility/initializer_list"><span class="kw962">std::<span class="me2">initializer_list</span></span></a><span class="sy1">&lt;</span>U<span class="sy1">&gt;</span><span class="sy3">&amp;</span>, Args...<span class="sy1">&gt;</span></code> is true.</div> <div class="t-li1">
<span class="t-li">3)</span> If <code>*this</code> contains an unexpected value, destroys that value.</div>  <h3 id="Parameters"> Parameters</h3> <table class="t-par-begin"> <tr class="t-par"> <td> args... </td> <td> - </td> <td> the arguments to pass to the constructor </td>
</tr> <tr class="t-par"> <td> il </td> <td> - </td> <td> the initializer list to pass to the constructor </td>
</tr>
</table> <h3 id="Return_value"> Return value</h3> <p>A reference to the new contained value.</p>
<h3 id="Exceptions"> Exceptions</h3> <div class="t-noexcept-inline">
<a href="../../language/noexcept_spec" title="cpp/language/noexcept spec"><code>noexcept</code></a> specification: <div class="t-noexcept-box"><span class="t-cc"><code>noexcept</code></span></div> </div> <h3 id="Notes"> Notes</h3> <p>If the construction of <code>T</code> is potentially-throwing, this function is not defined. In this case, it is the responsibility of the user to create a temporary and move or copy it.</p>
<h3 id="Example"> Example</h3>  <h3 id="See_also"> See also</h3> <table class="t-dsc-begin"> <tr class="t-dsc"> <td> <div><a href="operator=" title="cpp/utility/expected/operator="> <span class="t-lines"><span>operator=</span></span></a></div>
<div><span class="t-lines"><span><span class="t-mark-rev t-since-cxx23">(C++23)</span></span></span></div> </td> <td> assigns contents <br> <span class="t-mark">(public member function)</span>  </td>
</tr> </table>           <div class="_attribution">
  <p class="_attribution-p">
    Â© cppreference.com<br>Licensed under the Creative Commons Attribution-ShareAlike Unported License v3.0.<br>
    <a href="https://en.cppreference.com/w/cpp/utility/expected/emplace" class="_attribution-link">https://en.cppreference.com/w/cpp/utility/expected/emplace</a>
  </p>
</div>

				
			</div>
			<ins class="adsbygoogle"
     style="display:block"
     data-ad-client="ca-pub-2572770204602497"
     data-ad-slot="1992473792"
     data-ad-format="auto"
     data-full-width-responsive="true"></ins>
<script>
     (adsbygoogle = window.adsbygoogle || []).push({});
</script>
		</div>
	</section>

	</div>
	<svg style="display:none">
		<symbol id="icon-dir"><svg viewBox="0 0 20 20"><path d="M15 10c0 .3-.305.515-.305.515l-8.56 5.303c-.625.41-1.135.106-1.135-.67V4.853c0-.777.51-1.078 1.135-.67l8.56 5.305S15 9.702 15 10z"/></svg></symbol>
	  </svg>
</body>
</html>
