
<!DOCTYPE HTML>

<html lang="en" class="_theme-default">

<head>
  <meta charset="utf-8">
  <title>Std&#58;&#58;expected&#58;&#58;or_else - C++ - W3cubDocs</title>
  
  <meta name="description" content="If &#42;this contains an error value, invokes f and returns its result; otherwise, returns a std&#58;&#58;expected object that contains a copy of &hellip;">
  <meta name="keywords" content="std, expected, t, e, or, else, c++, cpp">
  <meta name="HandheldFriendly" content="True">
  <meta name="viewport" content="width=device-width, initial-scale=1">
  <meta name="mobile-web-app-capable" content="yes">
  
  <link rel="canonical" href="https://docs.w3cub.com/cpp/utility/expected/or_else.html">
  <link href="/favicon.png" rel="icon">
  <link rel="stylesheet" type="text/css" href="/assets/application-9c7b0d969c0ce639a6c01c2badcdd81667c7c66206aa3d0fccc5cb0585fb1b912dab72ea882101d18010680927514b4b77b107282db8f756fbf63301fe9c88b0.css">
  <script type="text/javascript" src="/assets/application-79c555f6b25481fffac2cac30a7f3e54e608ca09e9e8e42bb1790095ba6d0fcace47d6bc624ddce952c70370892f2d46864f89e6943d4f7f7ff16c8a3231a91a.js"></script>
  <script src="/json/cpp.js"></script>
  
<!-- Google tag (gtag.js) -->
<script async src="https://www.googletagmanager.com/gtag/js?id=G-R3WC07G3GB"></script>
<script>
  window.dataLayer = window.dataLayer || [];
  function gtag(){dataLayer.push(arguments);}
  gtag('js', new Date());
  gtag('config', 'G-R3WC07G3GB');
</script>
<script async src="https://pagead2.googlesyndication.com/pagead/js/adsbygoogle.js?client=ca-pub-2572770204602497"
     crossorigin="anonymous"></script>
<script async custom-element="amp-auto-ads"
  src="https://cdn.ampproject.org/v0/amp-auto-ads-0.1.js">
</script>


</head>

<body class="docs">
	<amp-auto-ads type="adsense"
              data-ad-client="ca-pub-2572770204602497">
	</amp-auto-ads>
	<div class="_app">
	<header class="_header">

  <a class="_home-link" href="/" ></a>
  <a class="_menu-link"></a>
  <h1 class="_logo">
    <a href="/" class="_nav-link" title="API Documentation Browser">W3cubDocs</a>
  </h1>
  
  <span class="_logo-sub-nav">/</span><span class="_logo-sub-nav"><a href="/cpp/" class="_nav-link" title="" style="margin-left:0;">C++</a></span>
  
  <nav class="_nav">
    <a href="https://tools.w3cub.com/?_sp=docs" target="_blank" class="_nav-link ">W3cubTools</a>
    <a href="/cheatsheets/" class="_nav-link ">Cheatsheets</a>
    <a href="/about/" class="_nav-link ">About</a>
  </nav>
</header>
	<section class="_sidebar">
		
		<form class="_search">
		  <input type="search" class="_search-input" placeholder="Search&hellip;" autocomplete="off" autocapitalize="off" autocorrect="off" spellcheck="false" maxlength="20">
		  <a class="_search-clear"></a>
		  <div class="_search-tag"></div>
		</form>
		
		<div class="_list-wrap">
			<div class="_list">
			
			</div>
		</div>
	</section>
	<section class="_container ">
		<div class="_content">
			<ins class="adsbygoogle"
     style="display:block"
     data-ad-client="ca-pub-2572770204602497"
     data-ad-slot="6861657091"
     data-ad-format="auto"
     data-full-width-responsive="true"></ins>
<script>
     (adsbygoogle = window.adsbygoogle || []).push({});
</script>
			<div class="_page _cppref">
				
				
<h1 id="firstHeading" class="firstHeading">std::expected&lt;T,E&gt;::or_else</h1>            <table class="t-dcl-begin"> <tr class="t-dcl t-since-cxx23"> <td> <pre data-language="cpp">template&lt; class F &gt;
constexpr auto or_else( F&amp;&amp; f ) &amp;;</pre>
</td> <td> (1) </td> <td> <span class="t-mark-rev t-since-cxx23">(since C++23)</span> </td> </tr> <tr class="t-dcl t-since-cxx23"> <td> <pre data-language="cpp">template&lt; class F &gt;
constexpr auto or_else( F&amp;&amp; f ) const&amp;;</pre>
</td> <td> (2) </td> <td> <span class="t-mark-rev t-since-cxx23">(since C++23)</span> </td> </tr> <tr class="t-dcl t-since-cxx23"> <td> <pre data-language="cpp">template&lt; class F &gt;
constexpr auto or_else( F&amp;&amp; f ) &amp;&amp;;</pre>
</td> <td> (3) </td> <td> <span class="t-mark-rev t-since-cxx23">(since C++23)</span> </td> </tr> <tr class="t-dcl t-since-cxx23"> <td> <pre data-language="cpp">template&lt; class F &gt;
constexpr auto or_else( F&amp;&amp; f ) const&amp;&amp;;</pre>
</td> <td> (4) </td> <td> <span class="t-mark-rev t-since-cxx23">(since C++23)</span> </td> </tr>  </table> <p>If <code>*this</code> contains an error value, invokes <code>f</code> and returns its result; otherwise, returns a <code>std::expected</code> object that contains a copy of <a href="value" title="cpp/utility/expected/value"><code>value()</code></a>. The contained value (<a href="error" title="cpp/utility/expected/error"><code>error()</code></a>) is passed as an argument to <code>f</code>.</p>
<p>Let <code>G</code> be:</p>
<ul>
<li> for overloads <span class="t-v">(1-2)</span>, <code><a href="http://en.cppreference.com/w/cpp/types/remove_cvref"><span class="kw2648">std::<span class="me2">remove_cvref_t</span></span></a><span class="sy1">&lt;</span><a href="http://en.cppreference.com/w/cpp/types/result_of"><span class="kw3223">std::<span class="me2">invoke_result_t</span></span></a><span class="sy1">&lt;</span>F, decltype<span class="br0">(</span>error<span class="br0">(</span><span class="br0">)</span><span class="br0">)</span><span class="sy1">&gt;&gt;</span></code>; </li>
<li> for overloads <span class="t-v">(3-4)</span>, <code><a href="http://en.cppreference.com/w/cpp/types/remove_cvref"><span class="kw2648">std::<span class="me2">remove_cvref_t</span></span></a><span class="sy1">&lt;</span><a href="http://en.cppreference.com/w/cpp/types/result_of"><span class="kw3223">std::<span class="me2">invoke_result_t</span></span></a><span class="sy1">&lt;</span>F, decltype<span class="br0">(</span>std<span class="sy4">::</span><span class="me2">move</span><span class="br0">(</span>error<span class="br0">(</span><span class="br0">)</span><span class="br0">)</span><span class="br0">)</span><span class="sy1">&gt;&gt;</span></code>. </li>
</ul> <p>The return type is <code>G</code>, which must be a specialization of <code>std::expected</code>, and <code><a href="http://en.cppreference.com/w/cpp/types/is_same"><span class="kw592">std::<span class="me2">is_same_v</span></span></a><span class="sy1">&lt;</span>G<span class="sy4">::</span><span class="me2">value_type</span>, T<span class="sy1">&gt;</span></code> must be <span class="kw2">true</span>.</p>
<pre data-language="cpp">true</pre> <pre data-language="cpp">true</pre>  <h3 id="Parameters"> Parameters</h3> <table class="t-par-begin"> <tr class="t-par"> <td> f </td> <td> - </td> <td> a suitable function or <a href="../../named_req/callable" title="cpp/named req/Callable">Callable</a> object that returns a <code>std::expected</code> </td>
</tr>
</table> <h3 id="Return_value"> Return value</h3> <p>The result of <code>f</code>, or a <code>std::expected</code> object that contains a copy of the expected value, as described above.</p>
<h3 id="Notes"> Notes</h3> <table class="wikitable ftm-begin ftm-has-value"> <tr> <th>
<a href="../feature_test" title="cpp/utility/feature test">Feature-test</a> macro</th> <th>Value</th> <th><span title="Standard in which the feature is introduced">Std</span></th> <th>Comment </th>
</tr> <tr> <td><a href="../../feature_test#Library_features" title="cpp/feature test"><code>__cpp_lib_expected</code></a></td> <td><span class="nu0">202211L</span></td> <td><span class="t-mark">(C++23)</span></td> <td>Monadic functions for <code>std::expected</code> </td>
</tr>
</table> <h3 id="Example"> Example</h3>  <h3 id="See_also"> See also</h3> <table class="t-dsc-begin"> <tr class="t-dsc"> <td> <div><a href="transform_error" title="cpp/utility/expected/transform error"> <span class="t-lines"><span>transform_error</span></span></a></div>
<div><span class="t-lines"><span><span class="t-mark-rev t-since-cxx23">(C++23)</span></span></span></div> </td> <td> returns the <code>expected</code> itself if it contains an expected value; otherwise, returns an <code>expected</code> containing the transformed unexpected value <br> <span class="t-mark">(public member function)</span>  </td>
</tr> </table>           <div class="_attribution">
  <p class="_attribution-p">
    Â© cppreference.com<br>Licensed under the Creative Commons Attribution-ShareAlike Unported License v3.0.<br>
    <a href="https://en.cppreference.com/w/cpp/utility/expected/or_else" class="_attribution-link">https://en.cppreference.com/w/cpp/utility/expected/or_else</a>
  </p>
</div>

				
			</div>
			<ins class="adsbygoogle"
     style="display:block"
     data-ad-client="ca-pub-2572770204602497"
     data-ad-slot="1992473792"
     data-ad-format="auto"
     data-full-width-responsive="true"></ins>
<script>
     (adsbygoogle = window.adsbygoogle || []).push({});
</script>
		</div>
	</section>

	</div>
	<svg style="display:none">
		<symbol id="icon-dir"><svg viewBox="0 0 20 20"><path d="M15 10c0 .3-.305.515-.305.515l-8.56 5.303c-.625.41-1.135.106-1.135-.67V4.853c0-.777.51-1.078 1.135-.67l8.56 5.305S15 9.702 15 10z"/></svg></symbol>
	  </svg>
</body>
</html>
